
> whitescreen-elite@1.0.0 build
> next build

   Ôû▓ Next.js 15.5.18

   Creating an optimized production build ...
 Ô£ô Compiled successfully in 2.9s
   Linting and checking validity of types ...

./app/(website)/blog/[slug]/page.tsx
37:9  Warning: 'enTranslations' is assigned a value but never used.  @typescript-eslint/no-unused-vars

./app/not-found.tsx
1:8  Warning: 'Link' is defined but never used.  @typescript-eslint/no-unused-vars

./app/sitemap.ts
4:10  Warning: 'SITE_URL' is defined but never used.  @typescript-eslint/no-unused-vars

./app/[locale]/(tools)/black-screen/page.tsx
31:38  Warning: Unexpected any. Specify a different type.  @typescript-eslint/no-explicit-any
32:51  Warning: Unexpected any. Specify a different type.  @typescript-eslint/no-explicit-any
46:9  Warning: 'breadcrumbs' is assigned a value but never used.  @typescript-eslint/no-unused-vars
50:41  Warning: Unexpected any. Specify a different type.  @typescript-eslint/no-explicit-any
55:82  Warning: Unexpected any. Specify a different type.  @typescript-eslint/no-explicit-any
67:45  Warning: Unexpected any. Specify a different type.  @typescript-eslint/no-explicit-any
68:43  Warning: Unexpected any. Specify a different type.  @typescript-eslint/no-explicit-any
71:45  Warning: Unexpected any. Specify a different type.  @typescript-eslint/no-explicit-any
72:43  Warning: Unexpected any. Specify a different type.  @typescript-eslint/no-explicit-any
75:45  Warning: Unexpected any. Specify a different type.  @typescript-eslint/no-explicit-any
76:43  Warning: Unexpected any. Specify a different type.  @typescript-eslint/no-explicit-any
81:48  Warning: Unexpected any. Specify a different type.  @typescript-eslint/no-explicit-any
89:42  Warning: Unexpected any. Specify a different type.  @typescript-eslint/no-explicit-any
90:55  Warning: Unexpected any. Specify a different type.  @typescript-eslint/no-explicit-any
97:73  Warning: Unexpected any. Specify a different type.  @typescript-eslint/no-explicit-any

./app/[locale]/(tools)/blue-screen/page.tsx
27:38  Warning: Unexpected any. Specify a different type.  @typescript-eslint/no-explicit-any
28:51  Warning: Unexpected any. Specify a different type.  @typescript-eslint/no-explicit-any
37:9  Warning: 'breadcrumbs' is assigned a value but never used.  @typescript-eslint/no-unused-vars
41:41  Warning: Unexpected any. Specify a different type.  @typescript-eslint/no-explicit-any
46:82  Warning: Unexpected any. Specify a different type.  @typescript-eslint/no-explicit-any
58:45  Warning: Unexpected any. Specify a different type.  @typescript-eslint/no-explicit-any
59:43  Warning: Unexpected any. Specify a different type.  @typescript-eslint/no-explicit-any
62:45  Warning: Unexpected any. Specify a different type.  @typescript-eslint/no-explicit-any
63:43  Warning: Unexpected any. Specify a different type.  @typescript-eslint/no-explicit-any
66:45  Warning: Unexpected any. Specify a different type.  @typescript-eslint/no-explicit-any
67:43  Warning: Unexpected any. Specify a different type.  @typescript-eslint/no-explicit-any
72:34  Warning: Unexpected any. Specify a different type.  @typescript-eslint/no-explicit-any
80:42  Warning: Unexpected any. Specify a different type.  @typescript-eslint/no-explicit-any
81:55  Warning: Unexpected any. Specify a different type.  @typescript-eslint/no-explicit-any
88:73  Warning: Unexpected any. Specify a different type.  @typescript-eslint/no-explicit-any

./app/[locale]/(tools)/brightness-test/page.tsx
27:38  Warning: Unexpected any. Specify a different type.  @typescript-eslint/no-explicit-any
28:51  Warning: Unexpected any. Specify a different type.  @typescript-eslint/no-explicit-any
37:9  Warning: 'breadcrumbs' is assigned a value but never used.  @typescript-eslint/no-unused-vars
41:41  Warning: Unexpected any. Specify a different type.  @typescript-eslint/no-explicit-any
48:49  Warning: Unexpected any. Specify a different type.  @typescript-eslint/no-explicit-any
49:55  Warning: Unexpected any. Specify a different type.  @typescript-eslint/no-explicit-any
51:45  Warning: Unexpected any. Specify a different type.  @typescript-eslint/no-explicit-any

./app/[locale]/(tools)/contrast-test/page.tsx
27:38  Warning: Unexpected any. Specify a different type.  @typescript-eslint/no-explicit-any
28:51  Warning: Unexpected any. Specify a different type.  @typescript-eslint/no-explicit-any
37:9  Warning: 'breadcrumbs' is assigned a value but never used.  @typescript-eslint/no-unused-vars
41:41  Warning: Unexpected any. Specify a different type.  @typescript-eslint/no-explicit-any
48:49  Warning: Unexpected any. Specify a different type.  @typescript-eslint/no-explicit-any
49:55  Warning: Unexpected any. Specify a different type.  @typescript-eslint/no-explicit-any
51:45  Warning: Unexpected any. Specify a different type.  @typescript-eslint/no-explicit-any

./app/[locale]/(tools)/dead-pixel-test/page.tsx
27:38  Warning: Unexpected any. Specify a different type.  @typescript-eslint/no-explicit-any
28:51  Warning: Unexpected any. Specify a different type.  @typescript-eslint/no-explicit-any
37:9  Warning: 'breadcrumbs' is assigned a value but never used.  @typescript-eslint/no-unused-vars
41:41  Warning: Unexpected any. Specify a different type.  @typescript-eslint/no-explicit-any
48:49  Warning: Unexpected any. Specify a different type.  @typescript-eslint/no-explicit-any
49:55  Warning: Unexpected any. Specify a different type.  @typescript-eslint/no-explicit-any
51:45  Warning: Unexpected any. Specify a different type.  @typescript-eslint/no-explicit-any

./app/[locale]/(tools)/green-screen/page.tsx
27:38  Warning: Unexpected any. Specify a different type.  @typescript-eslint/no-explicit-any
28:51  Warning: Unexpected any. Specify a different type.  @typescript-eslint/no-explicit-any
37:9  Warning: 'breadcrumbs' is assigned a value but never used.  @typescript-eslint/no-unused-vars
41:41  Warning: Unexpected any. Specify a different type.  @typescript-eslint/no-explicit-any
46:82  Warning: Unexpected any. Specify a different type.  @typescript-eslint/no-explicit-any
58:45  Warning: Unexpected any. Specify a different type.  @typescript-eslint/no-explicit-any
59:43  Warning: Unexpected any. Specify a different type.  @typescript-eslint/no-explicit-any
62:45  Warning: Unexpected any. Specify a different type.  @typescript-eslint/no-explicit-any
63:43  Warning: Unexpected any. Specify a different type.  @typescript-eslint/no-explicit-any
66:45  Warning: Unexpected any. Specify a different type.  @typescript-eslint/no-explicit-any
67:43  Warning: Unexpected any. Specify a different type.  @typescript-eslint/no-explicit-any
72:34  Warning: Unexpected any. Specify a different type.  @typescript-eslint/no-explicit-any
80:42  Warning: Unexpected any. Specify a different type.  @typescript-eslint/no-explicit-any
81:55  Warning: Unexpected any. Specify a different type.  @typescript-eslint/no-explicit-any
88:73  Warning: Unexpected any. Specify a different type.  @typescript-eslint/no-explicit-any

./app/[locale]/(tools)/orange-screen/page.tsx
27:38  Warning: Unexpected any. Specify a different type.  @typescript-eslint/no-explicit-any
28:51  Warning: Unexpected any. Specify a different type.  @typescript-eslint/no-explicit-any
37:9  Warning: 'breadcrumbs' is assigned a value but never used.  @typescript-eslint/no-unused-vars
41:41  Warning: Unexpected any. Specify a different type.  @typescript-eslint/no-explicit-any
46:82  Warning: Unexpected any. Specify a different type.  @typescript-eslint/no-explicit-any
58:45  Warning: Unexpected any. Specify a different type.  @typescript-eslint/no-explicit-any
59:43  Warning: Unexpected any. Specify a different type.  @typescript-eslint/no-explicit-any
62:45  Warning: Unexpected any. Specify a different type.  @typescript-eslint/no-explicit-any
63:43  Warning: Unexpected any. Specify a different type.  @typescript-eslint/no-explicit-any
66:45  Warning: Unexpected any. Specify a different type.  @typescript-eslint/no-explicit-any
67:43  Warning: Unexpected any. Specify a different type.  @typescript-eslint/no-explicit-any
72:34  Warning: Unexpected any. Specify a different type.  @typescript-eslint/no-explicit-any
80:42  Warning: Unexpected any. Specify a different type.  @typescript-eslint/no-explicit-any
81:55  Warning: Unexpected any. Specify a different type.  @typescript-eslint/no-explicit-any
88:73  Warning: Unexpected any. Specify a different type.  @typescript-eslint/no-explicit-any

./app/[locale]/(tools)/pink-screen/page.tsx
27:38  Warning: Unexpected any. Specify a different type.  @typescript-eslint/no-explicit-any
28:51  Warning: Unexpected any. Specify a different type.  @typescript-eslint/no-explicit-any
37:9  Warning: 'breadcrumbs' is assigned a value but never used.  @typescript-eslint/no-unused-vars
41:41  Warning: Unexpected any. Specify a different type.  @typescript-eslint/no-explicit-any
46:82  Warning: Unexpected any. Specify a different type.  @typescript-eslint/no-explicit-any
58:45  Warning: Unexpected any. Specify a different type.  @typescript-eslint/no-explicit-any
59:43  Warning: Unexpected any. Specify a different type.  @typescript-eslint/no-explicit-any
62:45  Warning: Unexpected any. Specify a different type.  @typescript-eslint/no-explicit-any
63:43  Warning: Unexpected any. Specify a different type.  @typescript-eslint/no-explicit-any
66:45  Warning: Unexpected any. Specify a different type.  @typescript-eslint/no-explicit-any
67:43  Warning: Unexpected any. Specify a different type.  @typescript-eslint/no-explicit-any
72:34  Warning: Unexpected any. Specify a different type.  @typescript-eslint/no-explicit-any
80:42  Warning: Unexpected any. Specify a different type.  @typescript-eslint/no-explicit-any
81:55  Warning: Unexpected any. Specify a different type.  @typescript-eslint/no-explicit-any
88:73  Warning: Unexpected any. Specify a different type.  @typescript-eslint/no-explicit-any

./app/[locale]/(tools)/purple-screen/page.tsx
27:38  Warning: Unexpected any. Specify a different type.  @typescript-eslint/no-explicit-any
28:51  Warning: Unexpected any. Specify a different type.  @typescript-eslint/no-explicit-any
37:9  Warning: 'breadcrumbs' is assigned a value but never used.  @typescript-eslint/no-unused-vars
41:41  Warning: Unexpected any. Specify a different type.  @typescript-eslint/no-explicit-any
46:82  Warning: Unexpected any. Specify a different type.  @typescript-eslint/no-explicit-any
58:45  Warning: Unexpected any. Specify a different type.  @typescript-eslint/no-explicit-any
59:43  Warning: Unexpected any. Specify a different type.  @typescript-eslint/no-explicit-any
62:45  Warning: Unexpected any. Specify a different type.  @typescript-eslint/no-explicit-any
63:43  Warning: Unexpected any. Specify a different type.  @typescript-eslint/no-explicit-any
66:45  Warning: Unexpected any. Specify a different type.  @typescript-eslint/no-explicit-any
67:43  Warning: Unexpected any. Specify a different type.  @typescript-eslint/no-explicit-any
72:34  Warning: Unexpected any. Specify a different type.  @typescript-eslint/no-explicit-any
80:42  Warning: Unexpected any. Specify a different type.  @typescript-eslint/no-explicit-any
81:55  Warning: Unexpected any. Specify a different type.  @typescript-eslint/no-explicit-any
88:73  Warning: Unexpected any. Specify a different type.  @typescript-eslint/no-explicit-any

./app/[locale]/(tools)/red-screen/page.tsx
27:38  Warning: Unexpected any. Specify a different type.  @typescript-eslint/no-explicit-any
28:51  Warning: Unexpected any. Specify a different type.  @typescript-eslint/no-explicit-any
37:9  Warning: 'breadcrumbs' is assigned a value but never used.  @typescript-eslint/no-unused-vars
41:41  Warning: Unexpected any. Specify a different type.  @typescript-eslint/no-explicit-any
46:82  Warning: Unexpected any. Specify a different type.  @typescript-eslint/no-explicit-any
58:45  Warning: Unexpected any. Specify a different type.  @typescript-eslint/no-explicit-any
59:43  Warning: Unexpected any. Specify a different type.  @typescript-eslint/no-explicit-any
62:45  Warning: Unexpected any. Specify a different type.  @typescript-eslint/no-explicit-any
63:43  Warning: Unexpected any. Specify a different type.  @typescript-eslint/no-explicit-any
66:45  Warning: Unexpected any. Specify a different type.  @typescript-eslint/no-explicit-any
67:43  Warning: Unexpected any. Specify a different type.  @typescript-eslint/no-explicit-any
72:34  Warning: Unexpected any. Specify a different type.  @typescript-eslint/no-explicit-any
80:42  Warning: Unexpected any. Specify a different type.  @typescript-eslint/no-explicit-any
81:55  Warning: Unexpected any. Specify a different type.  @typescript-eslint/no-explicit-any
88:73  Warning: Unexpected any. Specify a different type.  @typescript-eslint/no-explicit-any

./app/[locale]/(tools)/TOOL_PAGE_TEMPLATE.tsx
6:40  Warning: 'breadcrumbSchemaMultilingual' is defined but never used.  @typescript-eslint/no-unused-vars

./app/[locale]/(tools)/white-screen/page.tsx
28:38  Warning: Unexpected any. Specify a different type.  @typescript-eslint/no-explicit-any
29:51  Warning: Unexpected any. Specify a different type.  @typescript-eslint/no-explicit-any
45:9  Warning: 'breadcrumbs' is assigned a value but never used.  @typescript-eslint/no-unused-vars
55:82  Warning: Unexpected any. Specify a different type.  @typescript-eslint/no-explicit-any
68:45  Warning: Unexpected any. Specify a different type.  @typescript-eslint/no-explicit-any
69:43  Warning: Unexpected any. Specify a different type.  @typescript-eslint/no-explicit-any
72:45  Warning: Unexpected any. Specify a different type.  @typescript-eslint/no-explicit-any
73:43  Warning: Unexpected any. Specify a different type.  @typescript-eslint/no-explicit-any
76:45  Warning: Unexpected any. Specify a different type.  @typescript-eslint/no-explicit-any
77:43  Warning: Unexpected any. Specify a different type.  @typescript-eslint/no-explicit-any
82:34  Warning: Unexpected any. Specify a different type.  @typescript-eslint/no-explicit-any
90:42  Warning: Unexpected any. Specify a different type.  @typescript-eslint/no-explicit-any
91:55  Warning: Unexpected any. Specify a different type.  @typescript-eslint/no-explicit-any
98:75  Warning: Unexpected any. Specify a different type.  @typescript-eslint/no-explicit-any

./app/[locale]/(tools)/yellow-screen/page.tsx
27:38  Warning: Unexpected any. Specify a different type.  @typescript-eslint/no-explicit-any
28:51  Warning: Unexpected any. Specify a different type.  @typescript-eslint/no-explicit-any
37:9  Warning: 'breadcrumbs' is assigned a value but never used.  @typescript-eslint/no-unused-vars
41:41  Warning: Unexpected any. Specify a different type.  @typescript-eslint/no-explicit-any
46:82  Warning: Unexpected any. Specify a different type.  @typescript-eslint/no-explicit-any
58:45  Warning: Unexpected any. Specify a different type.  @typescript-eslint/no-explicit-any
59:43  Warning: Unexpected any. Specify a different type.  @typescript-eslint/no-explicit-any
62:45  Warning: Unexpected any. Specify a different type.  @typescript-eslint/no-explicit-any
63:43  Warning: Unexpected any. Specify a different type.  @typescript-eslint/no-explicit-any
66:45  Warning: Unexpected any. Specify a different type.  @typescript-eslint/no-explicit-any
67:43  Warning: Unexpected any. Specify a different type.  @typescript-eslint/no-explicit-any
72:34  Warning: Unexpected any. Specify a different type.  @typescript-eslint/no-explicit-any
80:42  Warning: Unexpected any. Specify a different type.  @typescript-eslint/no-explicit-any
81:55  Warning: Unexpected any. Specify a different type.  @typescript-eslint/no-explicit-any
88:73  Warning: Unexpected any. Specify a different type.  @typescript-eslint/no-explicit-any

./app/[locale]/(tools)/zoom-lighting/page.tsx
26:38  Warning: Unexpected any. Specify a different type.  @typescript-eslint/no-explicit-any
27:51  Warning: Unexpected any. Specify a different type.  @typescript-eslint/no-explicit-any
36:9  Warning: 'breadcrumbs' is assigned a value but never used.  @typescript-eslint/no-unused-vars
40:41  Warning: Unexpected any. Specify a different type.  @typescript-eslint/no-explicit-any
45:82  Warning: Unexpected any. Specify a different type.  @typescript-eslint/no-explicit-any
57:42  Warning: Unexpected any. Specify a different type.  @typescript-eslint/no-explicit-any
58:55  Warning: Unexpected any. Specify a different type.  @typescript-eslint/no-explicit-any

./app/[locale]/(website)/blog/page.tsx
8:10  Warning: 'SITE_URL' is defined but never used.  @typescript-eslint/no-unused-vars
8:20  Warning: 'SITE_NAME' is defined but never used.  @typescript-eslint/no-unused-vars
31:33  Warning: Unexpected any. Specify a different type.  @typescript-eslint/no-explicit-any

./app/[locale]/(website)/blog/[slug]/page.tsx
7:25  Warning: 'getLocaleUrl' is defined but never used.  @typescript-eslint/no-unused-vars

./app/[locale]/(website)/compare/page.tsx
24:9  Warning: 'translate' is assigned a value but never used.  @typescript-eslint/no-unused-vars
123:60  Warning: Unexpected any. Specify a different type.  @typescript-eslint/no-explicit-any
125:107  Warning: Unexpected any. Specify a different type.  @typescript-eslint/no-explicit-any

./app/[locale]/(website)/compare/[comparison]/page.tsx
8:10  Warning: 'getLocaleFromParams' is defined but never used.  @typescript-eslint/no-unused-vars
31:33  Warning: Unexpected any. Specify a different type.  @typescript-eslint/no-explicit-any
39:23  Warning: Unexpected any. Specify a different type.  @typescript-eslint/no-explicit-any
40:49  Warning: Unexpected any. Specify a different type.  @typescript-eslint/no-explicit-any
41:61  Warning: Unexpected any. Specify a different type.  @typescript-eslint/no-explicit-any
60:33  Warning: Unexpected any. Specify a different type.  @typescript-eslint/no-explicit-any
68:44  Warning: Unexpected any. Specify a different type.  @typescript-eslint/no-explicit-any
81:52  Warning: Unexpected any. Specify a different type.  @typescript-eslint/no-explicit-any
83:15  Warning: Unexpected any. Specify a different type.  @typescript-eslint/no-explicit-any
100:71  Warning: Unexpected any. Specify a different type.  @typescript-eslint/no-explicit-any
101:72  Warning: Unexpected any. Specify a different type.  @typescript-eslint/no-explicit-any
102:56  Warning: Unexpected any. Specify a different type.  @typescript-eslint/no-explicit-any
110:51  Warning: Unexpected any. Specify a different type.  @typescript-eslint/no-explicit-any
113:57  Warning: Unexpected any. Specify a different type.  @typescript-eslint/no-explicit-any
124:55  Warning: Unexpected any. Specify a different type.  @typescript-eslint/no-explicit-any
185:48  Warning: Unexpected any. Specify a different type.  @typescript-eslint/no-explicit-any
202:54  Warning: Unexpected any. Specify a different type.  @typescript-eslint/no-explicit-any
206:54  Warning: Unexpected any. Specify a different type.  @typescript-eslint/no-explicit-any
209:60  Warning: Unexpected any. Specify a different type.  @typescript-eslint/no-explicit-any

./app/[locale]/(website)/device-tests/page.tsx
133:21  Warning: 'colorClasses' is assigned a value but never used.  @typescript-eslint/no-unused-vars

./app/[locale]/(website)/faq/page.tsx
32:9  Warning: 'faqData' is assigned a value but never used.  @typescript-eslint/no-unused-vars

./app/[locale]/(website)/layout.tsx
12:9  Warning: 'locale' is assigned a value but never used.  @typescript-eslint/no-unused-vars

./app/[locale]/(website)/monitor-test/page.tsx
24:9  Warning: 'translate' is assigned a value but never used.  @typescript-eslint/no-unused-vars
117:51  Warning: Unexpected any. Specify a different type.  @typescript-eslint/no-explicit-any
119:99  Warning: Unexpected any. Specify a different type.  @typescript-eslint/no-explicit-any

./app/[locale]/(website)/monitor-test/[brand]/page.tsx
7:10  Warning: 'getLocaleFromParams' is defined but never used.  @typescript-eslint/no-unused-vars
10:10  Warning: 'COLOR_TOOLS' is defined but never used.  @typescript-eslint/no-unused-vars
33:33  Warning: Unexpected any. Specify a different type.  @typescript-eslint/no-explicit-any
41:23  Warning: Unexpected any. Specify a different type.  @typescript-eslint/no-explicit-any
42:44  Warning: Unexpected any. Specify a different type.  @typescript-eslint/no-explicit-any
43:56  Warning: Unexpected any. Specify a different type.  @typescript-eslint/no-explicit-any
55:33  Warning: Unexpected any. Specify a different type.  @typescript-eslint/no-explicit-any
66:46  Warning: Unexpected any. Specify a different type.  @typescript-eslint/no-explicit-any
68:15  Warning: Unexpected any. Specify a different type.  @typescript-eslint/no-explicit-any
81:71  Warning: Unexpected any. Specify a different type.  @typescript-eslint/no-explicit-any
82:72  Warning: Unexpected any. Specify a different type.  @typescript-eslint/no-explicit-any
83:50  Warning: Unexpected any. Specify a different type.  @typescript-eslint/no-explicit-any
91:46  Warning: Unexpected any. Specify a different type.  @typescript-eslint/no-explicit-any
94:52  Warning: Unexpected any. Specify a different type.  @typescript-eslint/no-explicit-any
106:50  Warning: Unexpected any. Specify a different type.  @typescript-eslint/no-explicit-any
125:52  Warning: Unexpected any. Specify a different type.  @typescript-eslint/no-explicit-any
141:51  Warning: Unexpected any. Specify a different type.  @typescript-eslint/no-explicit-any
145:51  Warning: Unexpected any. Specify a different type.  @typescript-eslint/no-explicit-any
150:51  Warning: Unexpected any. Specify a different type.  @typescript-eslint/no-explicit-any
154:51  Warning: Unexpected any. Specify a different type.  @typescript-eslint/no-explicit-any
159:51  Warning: Unexpected any. Specify a different type.  @typescript-eslint/no-explicit-any
163:51  Warning: Unexpected any. Specify a different type.  @typescript-eslint/no-explicit-any
178:54  Warning: Unexpected any. Specify a different type.  @typescript-eslint/no-explicit-any
182:50  Warning: Unexpected any. Specify a different type.  @typescript-eslint/no-explicit-any
185:57  Warning: Unexpected any. Specify a different type.  @typescript-eslint/no-explicit-any

./app/[locale]/(website)/terms/page.tsx
9:10  Warning: 'SITE_NAME' is defined but never used.  @typescript-eslint/no-unused-vars
9:21  Warning: 'SITE_URL' is defined but never used.  @typescript-eslint/no-unused-vars

./app/[locale]/(website)/tools/page.tsx
99:83  Warning: Unexpected any. Specify a different type.  @typescript-eslint/no-explicit-any
100:89  Warning: Unexpected any. Specify a different type.  @typescript-eslint/no-explicit-any
118:83  Warning: Unexpected any. Specify a different type.  @typescript-eslint/no-explicit-any
119:94  Warning: Unexpected any. Specify a different type.  @typescript-eslint/no-explicit-any

./app/[locale]/page.tsx
122:91  Warning: Unexpected any. Specify a different type.  @typescript-eslint/no-explicit-any
123:90  Warning: Unexpected any. Specify a different type.  @typescript-eslint/no-explicit-any

./app/[locale]/screen/page.tsx
42:9  Warning: 'breadcrumbs' is assigned a value but never used.  @typescript-eslint/no-unused-vars
61:71  Warning: Unexpected any. Specify a different type.  @typescript-eslint/no-explicit-any
86:52  Warning: Unexpected any. Specify a different type.  @typescript-eslint/no-explicit-any
97:51  Warning: Unexpected any. Specify a different type.  @typescript-eslint/no-explicit-any

./app/[locale]/screen/[color]/page.tsx
6:10  Warning: 'getLocaleFromParams' is defined but never used.  @typescript-eslint/no-unused-vars
50:33  Warning: Unexpected any. Specify a different type.  @typescript-eslint/no-explicit-any
53:23  Warning: Unexpected any. Specify a different type.  @typescript-eslint/no-explicit-any
54:46  Warning: Unexpected any. Specify a different type.  @typescript-eslint/no-explicit-any
55:57  Warning: Unexpected any. Specify a different type.  @typescript-eslint/no-explicit-any
76:33  Warning: Unexpected any. Specify a different type.  @typescript-eslint/no-explicit-any
78:9  Warning: 'breadcrumbs' is assigned a value but never used.  @typescript-eslint/no-unused-vars
82:46  Warning: Unexpected any. Specify a different type.  @typescript-eslint/no-explicit-any
84:15  Warning: Unexpected any. Specify a different type.  @typescript-eslint/no-explicit-any
99:71  Warning: Unexpected any. Specify a different type.  @typescript-eslint/no-explicit-any
100:79  Warning: Unexpected any. Specify a different type.  @typescript-eslint/no-explicit-any
101:50  Warning: Unexpected any. Specify a different type.  @typescript-eslint/no-explicit-any
109:46  Warning: Unexpected any. Specify a different type.  @typescript-eslint/no-explicit-any
133:49  Warning: Unexpected any. Specify a different type.  @typescript-eslint/no-explicit-any
136:56  Warning: Unexpected any. Specify a different type.  @typescript-eslint/no-explicit-any
157:52  Warning: Unexpected any. Specify a different type.  @typescript-eslint/no-explicit-any
181:121  Warning: Unexpected any. Specify a different type.  @typescript-eslint/no-explicit-any
184:53  Warning: Unexpected any. Specify a different type.  @typescript-eslint/no-explicit-any
188:59  Warning: Unexpected any. Specify a different type.  @typescript-eslint/no-explicit-any
201:52  Warning: Unexpected any. Specify a different type.  @typescript-eslint/no-explicit-any
203:49  Warning: Unexpected any. Specify a different type.  @typescript-eslint/no-explicit-any
211:47  Warning: Unexpected any. Specify a different type.  @typescript-eslint/no-explicit-any

./app/[locale]/screen/[color]/[variant]/page.tsx
7:8  Warning: 'Breadcrumbs' is defined but never used.  @typescript-eslint/no-unused-vars
8:10  Warning: 'getLocaleFromParams' is defined but never used.  @typescript-eslint/no-unused-vars
13:3  Warning: 'VariantContent' is defined but never used.  @typescript-eslint/no-unused-vars
67:33  Warning: Unexpected any. Specify a different type.  @typescript-eslint/no-explicit-any
69:15  Warning: Unexpected any. Specify a different type.  @typescript-eslint/no-explicit-any
73:36  Warning: Unexpected any. Specify a different type.  @typescript-eslint/no-explicit-any
79:23  Warning: Unexpected any. Specify a different type.  @typescript-eslint/no-explicit-any
104:33  Warning: Unexpected any. Specify a different type.  @typescript-eslint/no-explicit-any
107:15  Warning: Unexpected any. Specify a different type.  @typescript-eslint/no-explicit-any
111:36  Warning: Unexpected any. Specify a different type.  @typescript-eslint/no-explicit-any
117:65  Warning: Unexpected any. Specify a different type.  @typescript-eslint/no-explicit-any
118:66  Warning: Unexpected any. Specify a different type.  @typescript-eslint/no-explicit-any
119:44  Warning: Unexpected any. Specify a different type.  @typescript-eslint/no-explicit-any
119:83  Warning: Unexpected any. Specify a different type.  @typescript-eslint/no-explicit-any
120:71  Warning: Unexpected any. Specify a different type.  @typescript-eslint/no-explicit-any
127:48  Warning: Unexpected any. Specify a different type.  @typescript-eslint/no-explicit-any
128:39  Warning: Unexpected any. Specify a different type.  @typescript-eslint/no-explicit-any
137:40  Warning: Unexpected any. Specify a different type.  @typescript-eslint/no-explicit-any
138:39  Warning: Unexpected any. Specify a different type.  @typescript-eslint/no-explicit-any
139:50  Warning: Unexpected any. Specify a different type.  @typescript-eslint/no-explicit-any
148:86  Warning: Unexpected any. Specify a different type.  @typescript-eslint/no-explicit-any
213:51  Warning: Unexpected any. Specify a different type.  @typescript-eslint/no-explicit-any
214:31  Warning: Unexpected any. Specify a different type.  @typescript-eslint/no-explicit-any
321:46  Warning: Unexpected any. Specify a different type.  @typescript-eslint/no-explicit-any

./components/blog/blog-article-layout.tsx
6:8  Warning: 'Image' is defined but never used.  @typescript-eslint/no-unused-vars
31:3  Warning: 'title' is defined but never used.  @typescript-eslint/no-unused-vars
43:10  Warning: 'showTOC' is assigned a value but never used.  @typescript-eslint/no-unused-vars
43:19  Warning: 'setShowTOC' is assigned a value but never used.  @typescript-eslint/no-unused-vars

./components/blog/blog-homepage.tsx
75:28  Warning: 'setSelectedCategory' is assigned a value but never used.  @typescript-eslint/no-unused-vars
79:9  Warning: 'categoryColor' is assigned a value but never used.  @typescript-eslint/no-unused-vars

./components/layout/footer.tsx
38:48  Warning: Unexpected any. Specify a different type.  @typescript-eslint/no-explicit-any
52:48  Warning: Unexpected any. Specify a different type.  @typescript-eslint/no-explicit-any

./components/layout/language-selector.tsx
9:10  Warning: 'LOCALE_METADATA' is defined but never used.  @typescript-eslint/no-unused-vars

./components/tools/brightness-test.tsx
44:9  Warning: 'currentLevel' is assigned a value but never used.  @typescript-eslint/no-unused-vars
47:9  Warning: 'getRgbForPercentage' is assigned a value but never used.  @typescript-eslint/no-unused-vars
62:30  Warning: Unexpected any. Specify a different type.  @typescript-eslint/no-explicit-any
63:27  Warning: Unexpected any. Specify a different type.  @typescript-eslint/no-explicit-any
77:31  Warning: Unexpected any. Specify a different type.  @typescript-eslint/no-explicit-any
78:28  Warning: Unexpected any. Specify a different type.  @typescript-eslint/no-explicit-any
99:74  Warning: Unexpected any. Specify a different type.  @typescript-eslint/no-explicit-any

./components/tools/contrast-test.tsx
162:30  Warning: Unexpected any. Specify a different type.  @typescript-eslint/no-explicit-any
163:27  Warning: Unexpected any. Specify a different type.  @typescript-eslint/no-explicit-any
174:31  Warning: Unexpected any. Specify a different type.  @typescript-eslint/no-explicit-any
175:28  Warning: Unexpected any. Specify a different type.  @typescript-eslint/no-explicit-any
193:74  Warning: Unexpected any. Specify a different type.  @typescript-eslint/no-explicit-any

./components/tools/dead-pixel-test.tsx
58:30  Warning: Unexpected any. Specify a different type.  @typescript-eslint/no-explicit-any
59:27  Warning: Unexpected any. Specify a different type.  @typescript-eslint/no-explicit-any
73:31  Warning: Unexpected any. Specify a different type.  @typescript-eslint/no-explicit-any
74:28  Warning: Unexpected any. Specify a different type.  @typescript-eslint/no-explicit-any
95:74  Warning: Unexpected any. Specify a different type.  @typescript-eslint/no-explicit-any

./lib/schema-markup.ts
54:5  Warning: 'breadcrumbs' is assigned a value but never used.  @typescript-eslint/no-unused-vars
161:44  Warning: 'locale' is defined but never used.  @typescript-eslint/no-unused-vars
228:44  Warning: Unexpected any. Specify a different type.  @typescript-eslint/no-explicit-any
238:40  Warning: Unexpected any. Specify a different type.  @typescript-eslint/no-explicit-any

./lib/seo-content-generator.ts
31:23  Warning: Unexpected any. Specify a different type.  @typescript-eslint/no-explicit-any

info  - Need to disable some ESLint rules? Learn more here: https://nextjs.org/docs/app/api-reference/config/eslint#disabling-rules
node.exe : Failed to compile.
At C:\Program Files\nodejs\npm.ps1:29 char:3
+   & $NODE_EXE $NPM_CLI_JS $args
+   ~~~~~~~~~~~~~~~~~~~~~~~~~~~~~
    + CategoryInfo          : NotSpecified: (Failed to compile.:String) [], Re 
   moteException
    + FullyQualifiedErrorId : NativeCommandError
 

./app/(website)/blog/[slug]/page.tsx:44:5
Type error: Object literal may only specify known properties, and 'publishedTim
e' does not exist in type 'Metadata'.

[0m [90m 42 |[39m     keywords[33m:[39m [enSeo[33m.[39mkeywordEn[33m,[
39m [32m'screen testing'[39m[33m,[39m [32m'monitor testing'[39m][33m,[3
9m
 [90m 43 |[39m     authors[33m:[39m [{ name[33m:[39m [32m'TestAScreen Te
am'[39m }][33m,[39m
[31m[1m>[22m[39m[90m 44 |[39m     publishedTime[33m:[39m [36mnew[39m 
[33mDate[39m(publishedAt)[33m.[39mtoISOString()[33m,[39m
 [90m    |[39m     [31m[1m^[22m[39m
 [90m 45 |[39m     alternates[33m:[39m {
 [90m 46 |[39m       canonical[33m:[39m [32m`${SITE_URL}${enSeo.canonicalP
ath}`[39m[33m,[39m
 [90m 47 |[39m       languages[33m:[39m generateHrefLangAlternates(enSeo[3
3m.[39mcanonicalPath)[33m,[39m[0m
Next.js build worker exited with code: 1 and signal: null
