
> whitescreen-elite@1.0.0 build
> next build

   Ôû▓ Next.js 15.5.18
   - Experiments (use with caution):
     ┬À optimizePackageImports

   Creating an optimized production build ...
node.exe : Failed to compile.
At C:\Program Files\nodejs\npm.ps1:29 char:3
+   & $NODE_EXE $NPM_CLI_JS $args
+   ~~~~~~~~~~~~~~~~~~~~~~~~~~~~~
    + CategoryInfo          : NotSpecified: (Failed to compile.:String) [], Re 
   moteException
    + FullyQualifiedErrorId : NativeCommandError
 

./app/[locale]/dead-pixel-fixer/page.tsx
Error:   [31mx[0m Unterminated regexp literal
     ,-[[36;1;4mC:\Projects-2025\whitescreen\app\[locale]\dead-pixel-fixer\pag
e.tsx[0m:590:1]
 [2m587[0m |                 </Link>
 [2m588[0m |               );
 [2m589[0m |             })
 [2m590[0m |           </div>
     : [35;1m           ^^^^^[0m
 [2m591[0m |         </div>
 [2m592[0m | 
 [2m592[0m |         {/* JSON-LD FAQ Schema */}
     `----

Caused by:
    Syntax Error

Import trace for requested module:
./app/[locale]/dead-pixel-fixer/page.tsx


> Build failed because of webpack errors
